// Jest Snapshot v1, https://goo.gl/fbAQLP

exports[`ModalBox Component renders children and triggers modalHandler 1`] = `
<body>
  <div />
  <div
    class="modalOverlay"
    data-testid="modalBoxComponent"
    role="dialog"
  >
    <div
      class="modalBox"
    >
      <div
        class="closeButton"
      >
        <button
          class="button button-square button-close"
          data-testid="buttonIconComponent"
        >
          <svg
            class="closeIcon"
            data-testid="icon-close"
            height="20px"
            viewBox="0 0 16 16"
            width="20px"
            xmlns="http://www.w3.org/2000/svg"
          >
            <path
              d="M2.29289322,2.29289322 C2.68341751,1.90236893 3.31658249,1.90236893 3.70710678,2.29289322 L3.70710678,2.29289322 L8,6.585 L12.2928932,2.29289322 C12.6533772,1.93240926 13.2206082,1.90467972 13.6128994,2.20970461 L13.7071068,2.29289322 C14.0976311,2.68341751 14.0976311,3.31658249 13.7071068,3.70710678 L13.7071068,3.70710678 L9.415,8 L13.7071068,12.2928932 C14.0675907,12.6533772 14.0953203,13.2206082 13.7902954,13.6128994 L13.7071068,13.7071068 C13.3165825,14.0976311 12.6834175,14.0976311 12.2928932,13.7071068 L12.2928932,13.7071068 L8,9.415 L3.70710678,13.7071068 C3.34662282,14.0675907 2.77939176,14.0953203 2.38710056,13.7902954 L2.29289322,13.7071068 C1.90236893,13.3165825 1.90236893,12.6834175 2.29289322,12.2928932 L2.29289322,12.2928932 L6.585,8 L2.29289322,3.70710678 C1.93240926,3.34662282 1.90467972,2.77939176 2.20970461,2.38710056 Z"
            />
          </svg>
        </button>
      </div>
      <div
        data-testid="test-child"
      >
        Hello, World!
      </div>
    </div>
  </div>
</body>
`;
