// Jest Snapshot v1, https://goo.gl/fbAQLP

exports[`Collection component renders correctly and matches snapshot 1`] = `
<DocumentFragment>
  <div
    class="collection"
  >
    <div
      class="signIn"
    >
      <div
        class="signInMessage"
      >
        <p
          class="signInText"
        >
          Sign In to work with
          <span
            class="signInTitle"
            data-testid="signInMessageComponent"
          >
             Collections
          </span>
        </p>
        <a
          data-testid="buttonLinkComponent"
          href="/login"
        >
          <button
            class="button button-full-width button-basic button-center"
            data-testid="buttonComponent"
            type="button"
          >
            <span
              data-testid="buttonComponentText"
            >
              Sign In
            </span>
          </button>
        </a>
      </div>
    </div>
    <div
      class="downloadOptionButton"
    >
      <button
        class="button button-full-width button-primary button-right button-download-options"
        type="button"
      >
        <div
          class="buttonContent buttonReverseOrder"
        >
          <span>
            <svg
              class="upIcon"
              data-testid="icon-up"
              height="16"
              viewBox="0 0 16 16"
              width="16"
              xmlns="http://www.w3.org/2000/svg"
            >
              <path
                d="M13.7071 10.7071C13.3466 11.0676 12.7794 11.0953 12.3871 10.7903L12.2929 10.7071L8 6.415L3.70711 10.7071C3.34662 11.0676 2.77939 11.0953 2.3871 10.7903L2.29289 10.7071C1.93241 10.3466 1.90468 9.77939 2.2097 9.3871L2.29289 9.29289L8 3.58579L13.7071 9.29289C14.0976 9.68342 14.0976 10.3166 13.7071 10.7071Z"
              />
            </svg>
          </span>
          <span>
            Download options
          </span>
        </div>
      </button>
    </div>
  </div>
</DocumentFragment>
`;
