// Jest Snapshot v1, https://goo.gl/fbAQLP

exports[`Search component should render snapshot successfully 1`] = `
<DocumentFragment>
  <div
    class="searchWrap rounded"
  >
    <input
      class="input"
      data-testid="searchInputComponent"
      id="search-input"
      placeholder="Search icon"
      type="text"
      value=""
    />
    <div
      class="searchBtn"
      data-testid="searchButtonComponent"
    >
      <button
        class="button button-square"
        data-testid="buttonIconComponent"
      >
        <svg
          class="iconSearch"
          data-testid="icon-search"
          height="24"
          viewBox="0 0 24 24"
          width="24"
          xmlns="http://www.w3.org/2000/svg"
        >
          <g
            fill="none"
            fill-rule="evenodd"
          >
            <path
              d="M11,18 C7.13400675,18 4,14.8659932 4,11 C4,7.13400675 7.13400675,4 11,4 C14.8659932,4 18,7.13400675 18,11 C18,14.8659932 14.8659932,18 11,18 Z"
              fill="#E9EDF7"
            />
            <path
              d="M11,2 C15.9705627,2 20,6.02943725 20,11 C20,13.124779 19.2636898,15.0775836 18.0323074,16.6171757 L21.7071068,20.2928932 C22.0976311,20.6834175 22.0976311,21.3165825 21.7071068,21.7071068 C21.3165825,22.0976311 20.6834175,22.0976311 20.2928932,21.7071068 L20.2928932,21.7071068 L16.6171757,18.0323074 C15.0775836,19.2636898 13.124779,20 11,20 C6.02943725,20 2,15.9705627 2,11 C2,6.02943725 6.02943725,2 11,2 Z M11,4 C7.13400675,4 4,7.13400675 4,11 C4,14.8659932 7.13400675,18 11,18 C12.8904747,18 14.6059153,17.25059 15.8654514,16.0326404 L15.9428932,15.9428932 C15.9713525,15.914434 16.0011003,15.8880487 16.031949,15.8637373 C17.25059,14.6059153 18,12.8904747 18,11 C18,7.13400675 14.8659932,4 11,4 Z"
              fill="#717886"
            />
          </g>
        </svg>
      </button>
    </div>
  </div>
</DocumentFragment>
`;

exports[`Search component should render snapshot with the cancel button successfully 1`] = `
<DocumentFragment>
  <div
    class="searchWrap rounded"
  >
    <input
      class="input"
      data-testid="searchInputComponent"
      id="search-input"
      placeholder="Search icon"
      type="text"
      value="a"
    />
    <div
      class="searchBtn"
      data-testid="searchButtonComponent"
    >
      <button
        class="button button-square"
        data-testid="buttonIconComponent"
      >
        <svg
          class="iconSearch"
          data-testid="icon-search"
          height="24"
          viewBox="0 0 24 24"
          width="24"
          xmlns="http://www.w3.org/2000/svg"
        >
          <g
            fill="none"
            fill-rule="evenodd"
          >
            <path
              d="M11,18 C7.13400675,18 4,14.8659932 4,11 C4,7.13400675 7.13400675,4 11,4 C14.8659932,4 18,7.13400675 18,11 C18,14.8659932 14.8659932,18 11,18 Z"
              fill="#E9EDF7"
            />
            <path
              d="M11,2 C15.9705627,2 20,6.02943725 20,11 C20,13.124779 19.2636898,15.0775836 18.0323074,16.6171757 L21.7071068,20.2928932 C22.0976311,20.6834175 22.0976311,21.3165825 21.7071068,21.7071068 C21.3165825,22.0976311 20.6834175,22.0976311 20.2928932,21.7071068 L20.2928932,21.7071068 L16.6171757,18.0323074 C15.0775836,19.2636898 13.124779,20 11,20 C6.02943725,20 2,15.9705627 2,11 C2,6.02943725 6.02943725,2 11,2 Z M11,4 C7.13400675,4 4,7.13400675 4,11 C4,14.8659932 7.13400675,18 11,18 C12.8904747,18 14.6059153,17.25059 15.8654514,16.0326404 L15.9428932,15.9428932 C15.9713525,15.914434 16.0011003,15.8880487 16.031949,15.8637373 C17.25059,14.6059153 18,12.8904747 18,11 C18,7.13400675 14.8659932,4 11,4 Z"
              fill="#717886"
            />
          </g>
        </svg>
      </button>
    </div>
    <div
      class="cancelBtn"
      data-testid="cancelButtonComponent"
    >
      <button
        class="button button-square"
        data-testid="buttonIconComponent"
      >
        <svg
          class="iconCancel"
          data-testid="icon-cancel"
          height="16"
          viewBox="0 0 16 16"
          width="16"
          xmlns="http://www.w3.org/2000/svg"
        >
          <path
            d="M8,16 C12.418278,16 16,12.418278 16,8 C16,3.581722 12.418278,0 8,0 C3.581722,0 0,3.581722 0,8 C0,12.418278 3.581722,16 8,16 Z M4.20970461,4.38710056 L4.29289322,4.29289322 C4.65337718,3.93240926 5.22060824,3.90467972 5.61289944,4.20970461 L5.70710678,4.29289322 L8,6.585 L10.2928932,4.29289322 C10.6533772,3.93240926 11.2206082,3.90467972 11.6128994,4.20970461 L11.7071068,4.29289322 C12.0675907,4.65337718 12.0953203,5.22060824 11.7902954,5.61289944 L11.7071068,5.70710678 L9.415,8 L11.7071068,10.2928932 C12.0675907,10.6533772 12.0953203,11.2206082 11.7902954,11.6128994 L11.7071068,11.7071068 C11.3466228,12.0675907 10.7793918,12.0953203 10.3871006,11.7902954 L10.2928932,11.7071068 L8,9.415 L5.70710678,11.7071068 C5.34662282,12.0675907 4.77939176,12.0953203 4.38710056,11.7902954 L4.29289322,11.7071068 C3.93240926,11.3466228 3.90467972,10.7793918 4.20970461,10.3871006 L4.29289322,10.2928932 L6.585,8 L4.29289322,5.70710678 C3.93240926,5.34662282 3.90467972,4.77939176 4.20970461,4.38710056 L4.29289322,4.29289322 L4.20970461,4.38710056 Z"
          />
        </svg>
      </button>
    </div>
  </div>
</DocumentFragment>
`;
