// Jest Snapshot v1, https://goo.gl/fbAQLP

exports[`IconsByQuery Component renders without crashing and matches snapshot 1`] = `
<DocumentFragment>
  <div
    class="searchPage"
  >
    <div>
      <div
        class="header"
      >
        <div
          class="searchIcon"
        >
          <svg
            data-testid="icon-search"
            height="24"
            viewBox="0 0 24 24"
            width="24"
            xmlns="http://www.w3.org/2000/svg"
          >
            <g
              fill="none"
              fill-rule="evenodd"
            >
              <path
                d="M11,18 C7.13400675,18 4,14.8659932 4,11 C4,7.13400675 7.13400675,4 11,4 C14.8659932,4 18,7.13400675 18,11 C18,14.8659932 14.8659932,18 11,18 Z"
                fill="#E9EDF7"
              />
              <path
                d="M11,2 C15.9705627,2 20,6.02943725 20,11 C20,13.124779 19.2636898,15.0775836 18.0323074,16.6171757 L21.7071068,20.2928932 C22.0976311,20.6834175 22.0976311,21.3165825 21.7071068,21.7071068 C21.3165825,22.0976311 20.6834175,22.0976311 20.2928932,21.7071068 L20.2928932,21.7071068 L16.6171757,18.0323074 C15.0775836,19.2636898 13.124779,20 11,20 C6.02943725,20 2,15.9705627 2,11 C2,6.02943725 6.02943725,2 11,2 Z M11,4 C7.13400675,4 4,7.13400675 4,11 C4,14.8659932 7.13400675,18 11,18 C12.8904747,18 14.6059153,17.25059 15.8654514,16.0326404 L15.9428932,15.9428932 C15.9713525,15.914434 16.0011003,15.8880487 16.031949,15.8637373 C17.25059,14.6059153 18,12.8904747 18,11 C18,7.13400675 14.8659932,4 11,4 Z"
                fill="#717886"
              />
            </g>
          </svg>
        </div>
        <h2>
          Search Results:
          <span />
        </h2>
      </div>
      <ul
        class="iconsSearchResult"
      >
        <li>
          <div
            class="iconCard "
          >
            <div
              class="wrapper"
            >
              <div
                class="buttons"
              >
                <button
                  class="button button-round"
                  data-testid="buttonIconComponent"
                >
                  <svg
                    data-testid="icon-add"
                    height="16"
                    viewBox="0 0 16 16"
                    width="16"
                    xmlns="http://www.w3.org/2000/svg"
                  >
                    <path
                      d="M8,2 C8.55228475,2 9,2.44771525 9,3 L9,3 L9,7 L13,7 C13.5128358,7 13.9355072,7.38604019 13.9932723,7.88337887 L14,8 C14,8.55228475 13.5522847,9 13,9 L13,9 L9,9 L9,13 C9,13.5128358 8.61395981,13.9355072 8.11662113,13.9932723 L8,14 C7.44771525,14 7,13.5522847 7,13 L7,13 L7,9 L3,9 C2.48716416,9 2.06449284,8.61395981 2.00672773,8.11662113 L2,8 C2,7.44771525 2.44771525,7 3,7 L3,7 L7,7 L7,3 C7,2.48716416 7.38604019,2.06449284 7.88337887,2.00672773 Z"
                    />
                  </svg>
                </button>
              </div>
              <div
                class="imageWrapper"
              >
                <div
                  class="adaptiveImage"
                >
                  <div
                    class="adaptiveImageLoader"
                  >
                    <svg
                      data-testid="icon-loader"
                      height="24"
                      version="1.1"
                      viewBox="0 0 24 24"
                      width="24"
                      xmlns="http://www.w3.org/2000/svg"
                      xmlns:xlink="http://www.w3.org/1999/xlink"
                    >
                      <g
                        fill="none"
                        fill-rule="evenodd"
                        stroke="none"
                        stroke-width="1"
                      >
                        <g
                          fill="#DFE5F0"
                          transform="translate(-12.000000, -12.000000)"
                        >
                          <g
                            transform="translate(24.000000, 24.000000) rotate(360.000000) translate(-24.000000, -24.000000) translate(12.000000, 12.000000)"
                          >
                            <path
                              d="M9.28068148,14.9335046 L9.18812903,15.1332387 C8.34851613,17.0413548 8.39903226,19.3093548 9.52258065,21.2516129 C10.2548787,22.5173105 11.1845921,23.3960079 12.1811402,23.9992779 L12,24 C9.87718736,24 7.88311694,23.448789 6.15310874,22.481687 C5.59137724,21.4607284 5.22580645,20.2349738 5.22580645,18.7741935 C5.22580645,16.4516297 6.39561372,14.4014611 8.17797777,13.1809384 C8.36083959,13.7755013 8.67886092,14.3105373 9.09596264,14.7507503 L9.28068148,14.9335046 Z M18.7741935,18.7741935 C20.2349481,18.7741935 21.4612813,18.4088045 22.4825866,17.8475631 C21.454853,19.6837516 19.9591672,21.2229234 18.156604,22.3024323 C16.9916263,22.2779506 15.7474587,21.9813011 14.4822581,21.2520968 C12.4687963,20.0918018 11.2784223,18.0544797 11.1128317,15.9004291 C11.3976552,15.9658272 11.6948369,16 12,16 C12.4112778,16 12.8080583,15.9379293 13.1814846,15.8226448 C14.4014611,17.6041997 16.4516297,18.7741935 18.7741935,18.7741935 Z M9.06848284,9.27957578 L8.98113257,9.37570619 C8.55616581,9.86415284 8.24779071,10.4567243 8.09935394,11.1100738 C5.94682452,11.2762301 3.90820183,12.4672741 2.7483871,14.4774194 C2.017736,15.7442666 1.72130398,16.9903421 1.69700407,18.1568826 C0.686951133,16.4691533 0.0792399695,14.5127291 0.00722159332,12.420267 L0.003,12.167 L0.145305469,11.943179 C0.742882636,11.0336466 1.58175506,10.1903812 2.7483871,9.51774194 C4.75883045,8.35775519 7.12015471,8.34559692 9.06848284,9.27957578 Z M22.3075574,5.85065135 C23.3148491,7.53647076 23.9209672,9.49052592 23.9927973,11.5802793 L23.997,11.836 L23.854932,12.060861 C23.2577031,12.9666264 22.4201746,13.8063674 21.2564516,14.4774194 C19.242189,15.6405809 16.8804974,15.6534911 14.9315387,14.7188987 C15.4028001,14.2136397 15.7433172,13.5849087 15.9013262,12.8869273 C18.0545037,12.7215143 20.0932805,11.5312001 21.2564516,9.51774194 C21.9844337,8.25529197 22.2813633,7.01357201 22.3075574,5.85065135 Z M12,0 C14.1232205,0 16.1176493,0.551422815 17.8478884,1.51887044 C18.4087128,2.53922155 18.7741935,3.76497495 18.7741935,5.22580645 C18.7741935,7.54851939 17.6057998,9.59910483 15.8231088,10.8196409 C15.6131743,10.1400048 15.2280213,9.53859655 14.7203146,9.06741951 C15.6544112,7.11966111 15.6426382,4.75921169 14.4822581,2.7483871 C13.7510281,1.48430505 12.8218587,0.605105262 11.8258083,0.000698636871 L12,0 Z M5.84641636,1.69575951 C7.01154896,1.71928687 8.25658637,2.01605099 9.52258065,2.7483871 C11.5333487,3.90826062 12.7245078,5.94599317 12.8896301,8.10046875 C12.6037318,8.03433244 12.3058753,8 12,8 C11.589092,8 11.1926553,8.06195908 10.8195229,8.17704434 C9.59907466,6.39418303 7.5485023,5.22580645 5.22580645,5.22580645 C3.76440244,5.22580645 2.53861964,5.59141038 1.51760638,6.1524873 C2.54626189,4.31466557 4.04282978,2.77516228 5.84641636,1.69575951 Z"
                            />
                          </g>
                        </g>
                      </g>
                    </svg>
                  </div>
                  <picture
                    class="adaptiveImagePicture"
                  >
                    <img
                      alt="IconName"
                      data-isfree="free"
                      data-testid="1"
                      height="48"
                      loading="lazy"
                      src="undefined/png/solid/24-origin-size/48/1%20CategoryName/IconName.png"
                      srcset="undefined/png/solid/24-origin-size/96/1%20CategoryName/IconName.png 2x"
                      width="48"
                    />
                  </picture>
                </div>
              </div>
            </div>
            <span
              class="title"
            >
              IconName
            </span>
          </div>
        </li>
      </ul>
    </div>
    <div
      class="button"
    >
      <button
        class="button button-full-width button-basic button-center"
        data-testid="buttonComponent"
        type="button"
      >
        <span
          data-testid="buttonComponentText"
        >
          Load More
        </span>
      </button>
    </div>
  </div>
</DocumentFragment>
`;
