// Jest Snapshot v1, https://goo.gl/fbAQLP

exports[`Image should render snapshot successfuly 1`] = `
<img
  alt="alt image text"
  height="160"
  src="imagePath"
  width="160"
/>
`;
