// Jest Snapshot v1, https://goo.gl/fbAQLP

exports[` should render snapshot successfully 1`] = `
<DocumentFragment>
  <section
    class="heading"
  >
    <div
      class="container"
    >
      <div
        class="searchWrap rounded"
      >
        <input
          class="input"
          data-testid="searchInputComponent"
          id="search-input"
          placeholder="Search icon"
          type="text"
          value=""
        />
        <div
          class="searchBtn"
          data-testid="searchButtonComponent"
        >
          <button
            class="button button-square button-big"
            data-testid="buttonIconComponent"
          >
            <svg
              class="iconSearch"
              data-testid="icon-search"
              height="24"
              viewBox="0 0 24 24"
              width="24"
              xmlns="http://www.w3.org/2000/svg"
            >
              <g
                fill="none"
                fill-rule="evenodd"
              >
                <path
                  d="M11,18 C7.13400675,18 4,14.8659932 4,11 C4,7.13400675 7.13400675,4 11,4 C14.8659932,4 18,7.13400675 18,11 C18,14.8659932 14.8659932,18 11,18 Z"
                  fill="#E9EDF7"
                />
                <path
                  d="M11,2 C15.9705627,2 20,6.02943725 20,11 C20,13.124779 19.2636898,15.0775836 18.0323074,16.6171757 L21.7071068,20.2928932 C22.0976311,20.6834175 22.0976311,21.3165825 21.7071068,21.7071068 C21.3165825,22.0976311 20.6834175,22.0976311 20.2928932,21.7071068 L20.2928932,21.7071068 L16.6171757,18.0323074 C15.0775836,19.2636898 13.124779,20 11,20 C6.02943725,20 2,15.9705627 2,11 C2,6.02943725 6.02943725,2 11,2 Z M11,4 C7.13400675,4 4,7.13400675 4,11 C4,14.8659932 7.13400675,18 11,18 C12.8904747,18 14.6059153,17.25059 15.8654514,16.0326404 L15.9428932,15.9428932 C15.9713525,15.914434 16.0011003,15.8880487 16.031949,15.8637373 C17.25059,14.6059153 18,12.8904747 18,11 C18,7.13400675 14.8659932,4 11,4 Z"
                  fill="#717886"
                />
              </g>
            </svg>
          </button>
        </div>
      </div>
      <h1
        class="title"
      >
        Pricing
      </h1>
      <p
        class="introText"
      >
        The Biggest Icons Pack. In other words, you will never have to purchase icons again!
      </p>
    </div>
  </section>
</DocumentFragment>
`;
