// Jest Snapshot v1, https://goo.gl/fbAQLP

exports[`SocialLinks Component renders Dribble icon 1`] = `
<DocumentFragment>
  <div
    class="socialContainer"
  >
    <a
      class="link link--default"
      data-testid="externalLinkComponent"
      href="https://www.instagram.com/koloicons/"
      rel="noopener noreferrer nofollow"
      target="_blank"
    >
      <svg
        data-testid="icon-instagram"
        enable-background="new 0 0 60 60"
        height="20"
        viewBox="0 0 60 60"
        width="20"
        xmlns="http://www.w3.org/2000/svg"
      >
        <circle
          cx="30"
          cy="30"
          r="10"
        />
        <path
          d="m49 6h-38c-2.761 0-5 2.239-5 5v38c0 2.761 2.239 5 5 5h38c2.761 0 5-2.239 5-5v-38c0-2.761-2.239-5-5-5zm-19 39c-8.284 0-15-6.716-15-15s6.716-15 15-15 15 6.716 15 15-6.716 15-15 15zm16-28c-1.657 0-3-1.343-3-3s1.343-3 3-3 3 1.343 3 3-1.343 3-3 3z"
        />
      </svg>
    </a>
    <a
      class="link link--default"
      data-testid="externalLinkComponent"
      href="https://dribbble.com/Pictogramer"
      rel="noopener noreferrer nofollow"
      target="_blank"
    >
      <svg
        data-testid="icon-dribble"
        enable-background="new 0 0 60 60"
        height="20"
        viewBox="0 0 60 60"
        width="20"
        xmlns="http://www.w3.org/2000/svg"
      >
        <path
          d="m34.706 24.503c.814 1.79 1.594 3.595 2.341 5.413 2.906-.599 5.902-.916 8.953-.916 3.059 0 6.063.316 8.998.919-.019-5.69-1.94-10.93-5.158-15.123-4.901 4.275-9.839 7.454-15.134 9.707z"
        />
        <path
          d="m33.131 30.911c-.695-1.675-1.418-3.338-2.172-4.987-6.39 2.137-13.37 3.076-21.459 3.076-1.494 0-2.985-.051-4.471-.149-.017.381-.029.764-.029 1.149 0 6.155 2.228 11.786 5.916 16.142 5.636-7.202 13.401-12.557 22.215-15.231z"
        />
        <path
          d="m46 33c-2.535 0-5.025.245-7.452.701 2.125 5.569 3.951 11.251 5.438 17.023 5.615-3.796 9.601-9.815 10.704-16.792-2.83-.618-5.732-.932-8.69-.932z"
        />
        <path
          d="m9.5 25c7.403 0 13.823-.843 19.712-2.765-2.584-5.285-5.465-10.426-8.635-15.392-7.603 3.097-13.339 9.824-15.049 18.033 1.32.082 2.645.124 3.972.124z"
        />
        <path
          d="m32.974 20.825c4.951-2.093 9.574-5.044 14.165-9.016-4.476-4.219-10.503-6.809-17.139-6.809-1.876 0-3.701.213-5.459.605 3.092 4.917 5.898 10.004 8.433 15.22z"
        />
        <path
          d="m34.626 34.638c-8.324 2.445-15.643 7.513-20.866 14.361 4.369 3.738 10.039 6.001 16.24 6.001 3.698 0 7.205-.809 10.363-2.25-1.539-6.148-3.456-12.198-5.737-18.112z"
        />
      </svg>
    </a>
  </div>
</DocumentFragment>
`;

exports[`SocialLinks Component renders Instagram icon 1`] = `
<DocumentFragment>
  <div
    class="socialContainer"
  >
    <a
      class="link link--default"
      data-testid="externalLinkComponent"
      href="https://www.instagram.com/koloicons/"
      rel="noopener noreferrer nofollow"
      target="_blank"
    >
      <svg
        data-testid="icon-instagram"
        enable-background="new 0 0 60 60"
        height="20"
        viewBox="0 0 60 60"
        width="20"
        xmlns="http://www.w3.org/2000/svg"
      >
        <circle
          cx="30"
          cy="30"
          r="10"
        />
        <path
          d="m49 6h-38c-2.761 0-5 2.239-5 5v38c0 2.761 2.239 5 5 5h38c2.761 0 5-2.239 5-5v-38c0-2.761-2.239-5-5-5zm-19 39c-8.284 0-15-6.716-15-15s6.716-15 15-15 15 6.716 15 15-6.716 15-15 15zm16-28c-1.657 0-3-1.343-3-3s1.343-3 3-3 3 1.343 3 3-1.343 3-3 3z"
        />
      </svg>
    </a>
    <a
      class="link link--default"
      data-testid="externalLinkComponent"
      href="https://dribbble.com/Pictogramer"
      rel="noopener noreferrer nofollow"
      target="_blank"
    >
      <svg
        data-testid="icon-dribble"
        enable-background="new 0 0 60 60"
        height="20"
        viewBox="0 0 60 60"
        width="20"
        xmlns="http://www.w3.org/2000/svg"
      >
        <path
          d="m34.706 24.503c.814 1.79 1.594 3.595 2.341 5.413 2.906-.599 5.902-.916 8.953-.916 3.059 0 6.063.316 8.998.919-.019-5.69-1.94-10.93-5.158-15.123-4.901 4.275-9.839 7.454-15.134 9.707z"
        />
        <path
          d="m33.131 30.911c-.695-1.675-1.418-3.338-2.172-4.987-6.39 2.137-13.37 3.076-21.459 3.076-1.494 0-2.985-.051-4.471-.149-.017.381-.029.764-.029 1.149 0 6.155 2.228 11.786 5.916 16.142 5.636-7.202 13.401-12.557 22.215-15.231z"
        />
        <path
          d="m46 33c-2.535 0-5.025.245-7.452.701 2.125 5.569 3.951 11.251 5.438 17.023 5.615-3.796 9.601-9.815 10.704-16.792-2.83-.618-5.732-.932-8.69-.932z"
        />
        <path
          d="m9.5 25c7.403 0 13.823-.843 19.712-2.765-2.584-5.285-5.465-10.426-8.635-15.392-7.603 3.097-13.339 9.824-15.049 18.033 1.32.082 2.645.124 3.972.124z"
        />
        <path
          d="m32.974 20.825c4.951-2.093 9.574-5.044 14.165-9.016-4.476-4.219-10.503-6.809-17.139-6.809-1.876 0-3.701.213-5.459.605 3.092 4.917 5.898 10.004 8.433 15.22z"
        />
        <path
          d="m34.626 34.638c-8.324 2.445-15.643 7.513-20.866 14.361 4.369 3.738 10.039 6.001 16.24 6.001 3.698 0 7.205-.809 10.363-2.25-1.539-6.148-3.456-12.198-5.737-18.112z"
        />
      </svg>
    </a>
  </div>
</DocumentFragment>
`;

exports[`SocialLinks Component renders without crashing 1`] = `
<DocumentFragment>
  <div
    class="socialContainer"
  >
    <a
      class="link link--default"
      data-testid="externalLinkComponent"
      href="https://www.instagram.com/koloicons/"
      rel="noopener noreferrer nofollow"
      target="_blank"
    >
      <svg
        data-testid="icon-instagram"
        enable-background="new 0 0 60 60"
        height="20"
        viewBox="0 0 60 60"
        width="20"
        xmlns="http://www.w3.org/2000/svg"
      >
        <circle
          cx="30"
          cy="30"
          r="10"
        />
        <path
          d="m49 6h-38c-2.761 0-5 2.239-5 5v38c0 2.761 2.239 5 5 5h38c2.761 0 5-2.239 5-5v-38c0-2.761-2.239-5-5-5zm-19 39c-8.284 0-15-6.716-15-15s6.716-15 15-15 15 6.716 15 15-6.716 15-15 15zm16-28c-1.657 0-3-1.343-3-3s1.343-3 3-3 3 1.343 3 3-1.343 3-3 3z"
        />
      </svg>
    </a>
    <a
      class="link link--default"
      data-testid="externalLinkComponent"
      href="https://dribbble.com/Pictogramer"
      rel="noopener noreferrer nofollow"
      target="_blank"
    >
      <svg
        data-testid="icon-dribble"
        enable-background="new 0 0 60 60"
        height="20"
        viewBox="0 0 60 60"
        width="20"
        xmlns="http://www.w3.org/2000/svg"
      >
        <path
          d="m34.706 24.503c.814 1.79 1.594 3.595 2.341 5.413 2.906-.599 5.902-.916 8.953-.916 3.059 0 6.063.316 8.998.919-.019-5.69-1.94-10.93-5.158-15.123-4.901 4.275-9.839 7.454-15.134 9.707z"
        />
        <path
          d="m33.131 30.911c-.695-1.675-1.418-3.338-2.172-4.987-6.39 2.137-13.37 3.076-21.459 3.076-1.494 0-2.985-.051-4.471-.149-.017.381-.029.764-.029 1.149 0 6.155 2.228 11.786 5.916 16.142 5.636-7.202 13.401-12.557 22.215-15.231z"
        />
        <path
          d="m46 33c-2.535 0-5.025.245-7.452.701 2.125 5.569 3.951 11.251 5.438 17.023 5.615-3.796 9.601-9.815 10.704-16.792-2.83-.618-5.732-.932-8.69-.932z"
        />
        <path
          d="m9.5 25c7.403 0 13.823-.843 19.712-2.765-2.584-5.285-5.465-10.426-8.635-15.392-7.603 3.097-13.339 9.824-15.049 18.033 1.32.082 2.645.124 3.972.124z"
        />
        <path
          d="m32.974 20.825c4.951-2.093 9.574-5.044 14.165-9.016-4.476-4.219-10.503-6.809-17.139-6.809-1.876 0-3.701.213-5.459.605 3.092 4.917 5.898 10.004 8.433 15.22z"
        />
        <path
          d="m34.626 34.638c-8.324 2.445-15.643 7.513-20.866 14.361 4.369 3.738 10.039 6.001 16.24 6.001 3.698 0 7.205-.809 10.363-2.25-1.539-6.148-3.456-12.198-5.737-18.112z"
        />
      </svg>
    </a>
  </div>
</DocumentFragment>
`;
