// Jest Snapshot v1, https://goo.gl/fbAQLP

exports[`FreePacks component should render snapshot successfully 1`] = `
<DocumentFragment>
  <section
    class="free-packs"
  >
    <div
      class="free-packs__wrapper"
    >
      <h2
        class="free-packs__title"
      >
        Free Icon Packs
      </h2>
      <p
        class="free-packs__description"
      >
        We regularly give our users free icon sets.
      </p>
      <div
        class="free-packs__list"
      >
        <div
          class="pack-item"
          data-testid="packItemComponent"
        >
          <header
            class="pack-item__header"
          >
            <h3
              class="pack-item__title"
              title="Logos"
            >
              Logos
            </h3>
            <div
              class="pack-item__tags-wrapper"
            >
              <span
                class="label success small"
                data-testid="labelComponent"
              >
                Free
              </span>
              <span
                class="label default small"
                data-testid="labelComponent"
              >
                2
              </span>
            </div>
          </header>
          <ul
            class="pack-item__list"
          >
            <li>
              <div
                class="adaptiveImage"
              >
                <div
                  class="adaptiveImageLoader"
                >
                  <svg
                    data-testid="icon-loader"
                    height="24"
                    version="1.1"
                    viewBox="0 0 24 24"
                    width="24"
                    xmlns="http://www.w3.org/2000/svg"
                    xmlns:xlink="http://www.w3.org/1999/xlink"
                  >
                    <g
                      fill="none"
                      fill-rule="evenodd"
                      stroke="none"
                      stroke-width="1"
                    >
                      <g
                        fill="#DFE5F0"
                        transform="translate(-12.000000, -12.000000)"
                      >
                        <g
                          transform="translate(24.000000, 24.000000) rotate(360.000000) translate(-24.000000, -24.000000) translate(12.000000, 12.000000)"
                        >
                          <path
                            d="M9.28068148,14.9335046 L9.18812903,15.1332387 C8.34851613,17.0413548 8.39903226,19.3093548 9.52258065,21.2516129 C10.2548787,22.5173105 11.1845921,23.3960079 12.1811402,23.9992779 L12,24 C9.87718736,24 7.88311694,23.448789 6.15310874,22.481687 C5.59137724,21.4607284 5.22580645,20.2349738 5.22580645,18.7741935 C5.22580645,16.4516297 6.39561372,14.4014611 8.17797777,13.1809384 C8.36083959,13.7755013 8.67886092,14.3105373 9.09596264,14.7507503 L9.28068148,14.9335046 Z M18.7741935,18.7741935 C20.2349481,18.7741935 21.4612813,18.4088045 22.4825866,17.8475631 C21.454853,19.6837516 19.9591672,21.2229234 18.156604,22.3024323 C16.9916263,22.2779506 15.7474587,21.9813011 14.4822581,21.2520968 C12.4687963,20.0918018 11.2784223,18.0544797 11.1128317,15.9004291 C11.3976552,15.9658272 11.6948369,16 12,16 C12.4112778,16 12.8080583,15.9379293 13.1814846,15.8226448 C14.4014611,17.6041997 16.4516297,18.7741935 18.7741935,18.7741935 Z M9.06848284,9.27957578 L8.98113257,9.37570619 C8.55616581,9.86415284 8.24779071,10.4567243 8.09935394,11.1100738 C5.94682452,11.2762301 3.90820183,12.4672741 2.7483871,14.4774194 C2.017736,15.7442666 1.72130398,16.9903421 1.69700407,18.1568826 C0.686951133,16.4691533 0.0792399695,14.5127291 0.00722159332,12.420267 L0.003,12.167 L0.145305469,11.943179 C0.742882636,11.0336466 1.58175506,10.1903812 2.7483871,9.51774194 C4.75883045,8.35775519 7.12015471,8.34559692 9.06848284,9.27957578 Z M22.3075574,5.85065135 C23.3148491,7.53647076 23.9209672,9.49052592 23.9927973,11.5802793 L23.997,11.836 L23.854932,12.060861 C23.2577031,12.9666264 22.4201746,13.8063674 21.2564516,14.4774194 C19.242189,15.6405809 16.8804974,15.6534911 14.9315387,14.7188987 C15.4028001,14.2136397 15.7433172,13.5849087 15.9013262,12.8869273 C18.0545037,12.7215143 20.0932805,11.5312001 21.2564516,9.51774194 C21.9844337,8.25529197 22.2813633,7.01357201 22.3075574,5.85065135 Z M12,0 C14.1232205,0 16.1176493,0.551422815 17.8478884,1.51887044 C18.4087128,2.53922155 18.7741935,3.76497495 18.7741935,5.22580645 C18.7741935,7.54851939 17.6057998,9.59910483 15.8231088,10.8196409 C15.6131743,10.1400048 15.2280213,9.53859655 14.7203146,9.06741951 C15.6544112,7.11966111 15.6426382,4.75921169 14.4822581,2.7483871 C13.7510281,1.48430505 12.8218587,0.605105262 11.8258083,0.000698636871 L12,0 Z M5.84641636,1.69575951 C7.01154896,1.71928687 8.25658637,2.01605099 9.52258065,2.7483871 C11.5333487,3.90826062 12.7245078,5.94599317 12.8896301,8.10046875 C12.6037318,8.03433244 12.3058753,8 12,8 C11.589092,8 11.1926553,8.06195908 10.8195229,8.17704434 C9.59907466,6.39418303 7.5485023,5.22580645 5.22580645,5.22580645 C3.76440244,5.22580645 2.53861964,5.59141038 1.51760638,6.1524873 C2.54626189,4.31466557 4.04282978,2.77516228 5.84641636,1.69575951 Z"
                          />
                        </g>
                      </g>
                    </g>
                  </svg>
                </div>
                <picture
                  class="adaptiveImagePicture"
                >
                  <img
                    alt="Android"
                    data-isfree="free"
                    data-testid="5d6a8959ef38414cb068f5e6"
                    height="48"
                    loading="lazy"
                    src="undefined/png/line/60-origin-size/48/39%20Logos/Android.png"
                    srcset="undefined/png/line/60-origin-size/96/39%20Logos/Android.png 2x"
                    width="48"
                  />
                </picture>
              </div>
            </li>
            <li>
              <div
                class="adaptiveImage"
              >
                <div
                  class="adaptiveImageLoader"
                >
                  <svg
                    data-testid="icon-loader"
                    height="24"
                    version="1.1"
                    viewBox="0 0 24 24"
                    width="24"
                    xmlns="http://www.w3.org/2000/svg"
                    xmlns:xlink="http://www.w3.org/1999/xlink"
                  >
                    <g
                      fill="none"
                      fill-rule="evenodd"
                      stroke="none"
                      stroke-width="1"
                    >
                      <g
                        fill="#DFE5F0"
                        transform="translate(-12.000000, -12.000000)"
                      >
                        <g
                          transform="translate(24.000000, 24.000000) rotate(360.000000) translate(-24.000000, -24.000000) translate(12.000000, 12.000000)"
                        >
                          <path
                            d="M9.28068148,14.9335046 L9.18812903,15.1332387 C8.34851613,17.0413548 8.39903226,19.3093548 9.52258065,21.2516129 C10.2548787,22.5173105 11.1845921,23.3960079 12.1811402,23.9992779 L12,24 C9.87718736,24 7.88311694,23.448789 6.15310874,22.481687 C5.59137724,21.4607284 5.22580645,20.2349738 5.22580645,18.7741935 C5.22580645,16.4516297 6.39561372,14.4014611 8.17797777,13.1809384 C8.36083959,13.7755013 8.67886092,14.3105373 9.09596264,14.7507503 L9.28068148,14.9335046 Z M18.7741935,18.7741935 C20.2349481,18.7741935 21.4612813,18.4088045 22.4825866,17.8475631 C21.454853,19.6837516 19.9591672,21.2229234 18.156604,22.3024323 C16.9916263,22.2779506 15.7474587,21.9813011 14.4822581,21.2520968 C12.4687963,20.0918018 11.2784223,18.0544797 11.1128317,15.9004291 C11.3976552,15.9658272 11.6948369,16 12,16 C12.4112778,16 12.8080583,15.9379293 13.1814846,15.8226448 C14.4014611,17.6041997 16.4516297,18.7741935 18.7741935,18.7741935 Z M9.06848284,9.27957578 L8.98113257,9.37570619 C8.55616581,9.86415284 8.24779071,10.4567243 8.09935394,11.1100738 C5.94682452,11.2762301 3.90820183,12.4672741 2.7483871,14.4774194 C2.017736,15.7442666 1.72130398,16.9903421 1.69700407,18.1568826 C0.686951133,16.4691533 0.0792399695,14.5127291 0.00722159332,12.420267 L0.003,12.167 L0.145305469,11.943179 C0.742882636,11.0336466 1.58175506,10.1903812 2.7483871,9.51774194 C4.75883045,8.35775519 7.12015471,8.34559692 9.06848284,9.27957578 Z M22.3075574,5.85065135 C23.3148491,7.53647076 23.9209672,9.49052592 23.9927973,11.5802793 L23.997,11.836 L23.854932,12.060861 C23.2577031,12.9666264 22.4201746,13.8063674 21.2564516,14.4774194 C19.242189,15.6405809 16.8804974,15.6534911 14.9315387,14.7188987 C15.4028001,14.2136397 15.7433172,13.5849087 15.9013262,12.8869273 C18.0545037,12.7215143 20.0932805,11.5312001 21.2564516,9.51774194 C21.9844337,8.25529197 22.2813633,7.01357201 22.3075574,5.85065135 Z M12,0 C14.1232205,0 16.1176493,0.551422815 17.8478884,1.51887044 C18.4087128,2.53922155 18.7741935,3.76497495 18.7741935,5.22580645 C18.7741935,7.54851939 17.6057998,9.59910483 15.8231088,10.8196409 C15.6131743,10.1400048 15.2280213,9.53859655 14.7203146,9.06741951 C15.6544112,7.11966111 15.6426382,4.75921169 14.4822581,2.7483871 C13.7510281,1.48430505 12.8218587,0.605105262 11.8258083,0.000698636871 L12,0 Z M5.84641636,1.69575951 C7.01154896,1.71928687 8.25658637,2.01605099 9.52258065,2.7483871 C11.5333487,3.90826062 12.7245078,5.94599317 12.8896301,8.10046875 C12.6037318,8.03433244 12.3058753,8 12,8 C11.589092,8 11.1926553,8.06195908 10.8195229,8.17704434 C9.59907466,6.39418303 7.5485023,5.22580645 5.22580645,5.22580645 C3.76440244,5.22580645 2.53861964,5.59141038 1.51760638,6.1524873 C2.54626189,4.31466557 4.04282978,2.77516228 5.84641636,1.69575951 Z"
                          />
                        </g>
                      </g>
                    </g>
                  </svg>
                </div>
                <picture
                  class="adaptiveImagePicture"
                >
                  <img
                    alt="Apple"
                    data-isfree="free"
                    data-testid="5d6a8959ef38414cb068f5e1"
                    height="48"
                    loading="lazy"
                    src="undefined/png/line/60-origin-size/48/39%20Logos/Apple.png"
                    srcset="undefined/png/line/60-origin-size/96/39%20Logos/Apple.png 2x"
                    width="48"
                  />
                </picture>
              </div>
            </li>
          </ul>
          <button
            class="button button-full-width button-accent button-center button-children"
            data-testid="buttonComponent"
            type="button"
          >
            <span
              data-testid="buttonComponentText"
            >
              Download for free
            </span>
            <span>
              <svg
                class="pack-item__icon"
                data-testid="icon-download"
                height="16"
                viewBox="0 0 16 16"
                width="16"
                xmlns="http://www.w3.org/2000/svg"
              >
                <path
                  d="M12.5,14 C13.0522847,14 13.5,14.4477153 13.5,15 C13.5,15.5128358 13.1139598,15.9355072 12.6166211,15.9932723 L12.5,16 L3.5,16 C2.94771525,16 2.5,15.5522847 2.5,15 C2.5,14.4871642 2.88604019,14.0644928 3.38337887,14.0067277 L3.5,14 L12.5,14 Z M7.4097362,12.4786616 L1.39390847,6.46323438 C1.05917337,6.12849928 1.05917337,5.58578644 1.39390847,5.25105133 C1.70074899,4.94421082 2.18234857,4.91864077 2.5183156,5.1743412 L2.60609153,5.25105133 L7.14185714,9.786 L7.14285714,0.857142857 C7.14285714,0.420170308 7.46984444,0.0595697346 7.89248182,0.00667835971 L8,-5.5067062e-14 C8.43697255,-5.5067062e-14 8.79757312,0.3269873 8.8504645,0.749624678 L8.85714286,0.857142857 L8.85685714,9.787 L13.3939085,5.25105133 C13.700749,4.94421082 14.1823486,4.91864077 14.5183156,5.1743412 L14.6060915,5.25105133 C14.912932,5.55789185 14.9385021,6.03949143 14.6828017,6.37545845 L14.6060915,6.46323438 L8.60609153,12.4632344 C8.59911788,12.470208 8.59205396,12.4770364 8.58490354,12.4837195 C8.57154085,12.4961969 8.55759753,12.508409 8.54326621,12.5201656 L8.50375905,12.5507817 L8.50375905,12.5507817 C8.48730436,12.5626896 8.46997404,12.5743751 8.45220971,12.5854288 C8.43933536,12.5935202 8.42652778,12.6010216 8.41357462,12.6081627 L8.35712029,12.6365758 L8.35712029,12.6365758 C8.34303676,12.6430511 8.32891323,12.6490588 8.31466974,12.6546704 C8.25947488,12.676496 8.2012221,12.6927888 8.14083979,12.7027705 C8.1302706,12.7044516 8.11986535,12.7059776 8.10944028,12.7073121 L8,12.7142857 L7.89055972,12.7073121 L7.85276784,12.7016888 C7.82945578,12.6976532 7.80646644,12.6926758 7.78384042,12.6867974 C7.77506332,12.6844536 7.76561855,12.6818373 7.75621211,12.6790563 C7.73153679,12.6717884 7.70804836,12.6636629 7.68504738,12.6545709 C7.66767068,12.647713 7.65019549,12.6401466 7.63293694,12.6319712 C7.61798022,12.624824 7.60378498,12.6175788 7.5898251,12.6099565 C7.57431494,12.6015822 7.55851105,12.5923088 7.54295432,12.5824865 L7.49583076,12.5504036 L7.49583076,12.5504036 L7.45685714,12.52 L7.44371128,12.5092982 L7.44371128,12.5092982 L7.43885714,12.505 L7.45685714,12.52 L7.40485714,12.473 L7.43385714,12.501 L7.4097362,12.4786616 L7.4097362,12.4786616 Z"
                />
              </svg>
            </span>
          </button>
        </div>
        <div
          class="pack-item"
          data-testid="packItemComponent"
        >
          <header
            class="pack-item__header"
          >
            <h3
              class="pack-item__title"
              title="Tools"
            >
              Tools
            </h3>
            <div
              class="pack-item__tags-wrapper"
            >
              <span
                class="label success small"
                data-testid="labelComponent"
              >
                Free
              </span>
              <span
                class="label default small"
                data-testid="labelComponent"
              >
                2
              </span>
            </div>
          </header>
          <ul
            class="pack-item__list"
          >
            <li>
              <div
                class="adaptiveImage"
              >
                <div
                  class="adaptiveImageLoader"
                >
                  <svg
                    data-testid="icon-loader"
                    height="24"
                    version="1.1"
                    viewBox="0 0 24 24"
                    width="24"
                    xmlns="http://www.w3.org/2000/svg"
                    xmlns:xlink="http://www.w3.org/1999/xlink"
                  >
                    <g
                      fill="none"
                      fill-rule="evenodd"
                      stroke="none"
                      stroke-width="1"
                    >
                      <g
                        fill="#DFE5F0"
                        transform="translate(-12.000000, -12.000000)"
                      >
                        <g
                          transform="translate(24.000000, 24.000000) rotate(360.000000) translate(-24.000000, -24.000000) translate(12.000000, 12.000000)"
                        >
                          <path
                            d="M9.28068148,14.9335046 L9.18812903,15.1332387 C8.34851613,17.0413548 8.39903226,19.3093548 9.52258065,21.2516129 C10.2548787,22.5173105 11.1845921,23.3960079 12.1811402,23.9992779 L12,24 C9.87718736,24 7.88311694,23.448789 6.15310874,22.481687 C5.59137724,21.4607284 5.22580645,20.2349738 5.22580645,18.7741935 C5.22580645,16.4516297 6.39561372,14.4014611 8.17797777,13.1809384 C8.36083959,13.7755013 8.67886092,14.3105373 9.09596264,14.7507503 L9.28068148,14.9335046 Z M18.7741935,18.7741935 C20.2349481,18.7741935 21.4612813,18.4088045 22.4825866,17.8475631 C21.454853,19.6837516 19.9591672,21.2229234 18.156604,22.3024323 C16.9916263,22.2779506 15.7474587,21.9813011 14.4822581,21.2520968 C12.4687963,20.0918018 11.2784223,18.0544797 11.1128317,15.9004291 C11.3976552,15.9658272 11.6948369,16 12,16 C12.4112778,16 12.8080583,15.9379293 13.1814846,15.8226448 C14.4014611,17.6041997 16.4516297,18.7741935 18.7741935,18.7741935 Z M9.06848284,9.27957578 L8.98113257,9.37570619 C8.55616581,9.86415284 8.24779071,10.4567243 8.09935394,11.1100738 C5.94682452,11.2762301 3.90820183,12.4672741 2.7483871,14.4774194 C2.017736,15.7442666 1.72130398,16.9903421 1.69700407,18.1568826 C0.686951133,16.4691533 0.0792399695,14.5127291 0.00722159332,12.420267 L0.003,12.167 L0.145305469,11.943179 C0.742882636,11.0336466 1.58175506,10.1903812 2.7483871,9.51774194 C4.75883045,8.35775519 7.12015471,8.34559692 9.06848284,9.27957578 Z M22.3075574,5.85065135 C23.3148491,7.53647076 23.9209672,9.49052592 23.9927973,11.5802793 L23.997,11.836 L23.854932,12.060861 C23.2577031,12.9666264 22.4201746,13.8063674 21.2564516,14.4774194 C19.242189,15.6405809 16.8804974,15.6534911 14.9315387,14.7188987 C15.4028001,14.2136397 15.7433172,13.5849087 15.9013262,12.8869273 C18.0545037,12.7215143 20.0932805,11.5312001 21.2564516,9.51774194 C21.9844337,8.25529197 22.2813633,7.01357201 22.3075574,5.85065135 Z M12,0 C14.1232205,0 16.1176493,0.551422815 17.8478884,1.51887044 C18.4087128,2.53922155 18.7741935,3.76497495 18.7741935,5.22580645 C18.7741935,7.54851939 17.6057998,9.59910483 15.8231088,10.8196409 C15.6131743,10.1400048 15.2280213,9.53859655 14.7203146,9.06741951 C15.6544112,7.11966111 15.6426382,4.75921169 14.4822581,2.7483871 C13.7510281,1.48430505 12.8218587,0.605105262 11.8258083,0.000698636871 L12,0 Z M5.84641636,1.69575951 C7.01154896,1.71928687 8.25658637,2.01605099 9.52258065,2.7483871 C11.5333487,3.90826062 12.7245078,5.94599317 12.8896301,8.10046875 C12.6037318,8.03433244 12.3058753,8 12,8 C11.589092,8 11.1926553,8.06195908 10.8195229,8.17704434 C9.59907466,6.39418303 7.5485023,5.22580645 5.22580645,5.22580645 C3.76440244,5.22580645 2.53861964,5.59141038 1.51760638,6.1524873 C2.54626189,4.31466557 4.04282978,2.77516228 5.84641636,1.69575951 Z"
                          />
                        </g>
                      </g>
                    </g>
                  </svg>
                </div>
                <picture
                  class="adaptiveImagePicture"
                >
                  <img
                    alt="Painting"
                    data-isfree="free"
                    data-testid="5d6a8977ef38414cb068f6cc"
                    height="48"
                    loading="lazy"
                    src="undefined/png/line/60-origin-size/48/42%20Tools/Painting.png"
                    srcset="undefined/png/line/60-origin-size/96/42%20Tools/Painting.png 2x"
                    width="48"
                  />
                </picture>
              </div>
            </li>
            <li>
              <div
                class="adaptiveImage"
              >
                <div
                  class="adaptiveImageLoader"
                >
                  <svg
                    data-testid="icon-loader"
                    height="24"
                    version="1.1"
                    viewBox="0 0 24 24"
                    width="24"
                    xmlns="http://www.w3.org/2000/svg"
                    xmlns:xlink="http://www.w3.org/1999/xlink"
                  >
                    <g
                      fill="none"
                      fill-rule="evenodd"
                      stroke="none"
                      stroke-width="1"
                    >
                      <g
                        fill="#DFE5F0"
                        transform="translate(-12.000000, -12.000000)"
                      >
                        <g
                          transform="translate(24.000000, 24.000000) rotate(360.000000) translate(-24.000000, -24.000000) translate(12.000000, 12.000000)"
                        >
                          <path
                            d="M9.28068148,14.9335046 L9.18812903,15.1332387 C8.34851613,17.0413548 8.39903226,19.3093548 9.52258065,21.2516129 C10.2548787,22.5173105 11.1845921,23.3960079 12.1811402,23.9992779 L12,24 C9.87718736,24 7.88311694,23.448789 6.15310874,22.481687 C5.59137724,21.4607284 5.22580645,20.2349738 5.22580645,18.7741935 C5.22580645,16.4516297 6.39561372,14.4014611 8.17797777,13.1809384 C8.36083959,13.7755013 8.67886092,14.3105373 9.09596264,14.7507503 L9.28068148,14.9335046 Z M18.7741935,18.7741935 C20.2349481,18.7741935 21.4612813,18.4088045 22.4825866,17.8475631 C21.454853,19.6837516 19.9591672,21.2229234 18.156604,22.3024323 C16.9916263,22.2779506 15.7474587,21.9813011 14.4822581,21.2520968 C12.4687963,20.0918018 11.2784223,18.0544797 11.1128317,15.9004291 C11.3976552,15.9658272 11.6948369,16 12,16 C12.4112778,16 12.8080583,15.9379293 13.1814846,15.8226448 C14.4014611,17.6041997 16.4516297,18.7741935 18.7741935,18.7741935 Z M9.06848284,9.27957578 L8.98113257,9.37570619 C8.55616581,9.86415284 8.24779071,10.4567243 8.09935394,11.1100738 C5.94682452,11.2762301 3.90820183,12.4672741 2.7483871,14.4774194 C2.017736,15.7442666 1.72130398,16.9903421 1.69700407,18.1568826 C0.686951133,16.4691533 0.0792399695,14.5127291 0.00722159332,12.420267 L0.003,12.167 L0.145305469,11.943179 C0.742882636,11.0336466 1.58175506,10.1903812 2.7483871,9.51774194 C4.75883045,8.35775519 7.12015471,8.34559692 9.06848284,9.27957578 Z M22.3075574,5.85065135 C23.3148491,7.53647076 23.9209672,9.49052592 23.9927973,11.5802793 L23.997,11.836 L23.854932,12.060861 C23.2577031,12.9666264 22.4201746,13.8063674 21.2564516,14.4774194 C19.242189,15.6405809 16.8804974,15.6534911 14.9315387,14.7188987 C15.4028001,14.2136397 15.7433172,13.5849087 15.9013262,12.8869273 C18.0545037,12.7215143 20.0932805,11.5312001 21.2564516,9.51774194 C21.9844337,8.25529197 22.2813633,7.01357201 22.3075574,5.85065135 Z M12,0 C14.1232205,0 16.1176493,0.551422815 17.8478884,1.51887044 C18.4087128,2.53922155 18.7741935,3.76497495 18.7741935,5.22580645 C18.7741935,7.54851939 17.6057998,9.59910483 15.8231088,10.8196409 C15.6131743,10.1400048 15.2280213,9.53859655 14.7203146,9.06741951 C15.6544112,7.11966111 15.6426382,4.75921169 14.4822581,2.7483871 C13.7510281,1.48430505 12.8218587,0.605105262 11.8258083,0.000698636871 L12,0 Z M5.84641636,1.69575951 C7.01154896,1.71928687 8.25658637,2.01605099 9.52258065,2.7483871 C11.5333487,3.90826062 12.7245078,5.94599317 12.8896301,8.10046875 C12.6037318,8.03433244 12.3058753,8 12,8 C11.589092,8 11.1926553,8.06195908 10.8195229,8.17704434 C9.59907466,6.39418303 7.5485023,5.22580645 5.22580645,5.22580645 C3.76440244,5.22580645 2.53861964,5.59141038 1.51760638,6.1524873 C2.54626189,4.31466557 4.04282978,2.77516228 5.84641636,1.69575951 Z"
                          />
                        </g>
                      </g>
                    </g>
                  </svg>
                </div>
                <picture
                  class="adaptiveImagePicture"
                >
                  <img
                    alt="Putty knife"
                    data-isfree="free"
                    data-testid="5d6a897fef38414cb068f70d"
                    height="48"
                    loading="lazy"
                    src="undefined/png/line/60-origin-size/48/42%20Tools/Putty%20knife.png"
                    srcset="undefined/png/line/60-origin-size/96/42%20Tools/Putty%20knife.png 2x"
                    width="48"
                  />
                </picture>
              </div>
            </li>
          </ul>
          <button
            class="button button-full-width button-accent button-center button-children"
            data-testid="buttonComponent"
            type="button"
          >
            <span
              data-testid="buttonComponentText"
            >
              Download for free
            </span>
            <span>
              <svg
                class="pack-item__icon"
                data-testid="icon-download"
                height="16"
                viewBox="0 0 16 16"
                width="16"
                xmlns="http://www.w3.org/2000/svg"
              >
                <path
                  d="M12.5,14 C13.0522847,14 13.5,14.4477153 13.5,15 C13.5,15.5128358 13.1139598,15.9355072 12.6166211,15.9932723 L12.5,16 L3.5,16 C2.94771525,16 2.5,15.5522847 2.5,15 C2.5,14.4871642 2.88604019,14.0644928 3.38337887,14.0067277 L3.5,14 L12.5,14 Z M7.4097362,12.4786616 L1.39390847,6.46323438 C1.05917337,6.12849928 1.05917337,5.58578644 1.39390847,5.25105133 C1.70074899,4.94421082 2.18234857,4.91864077 2.5183156,5.1743412 L2.60609153,5.25105133 L7.14185714,9.786 L7.14285714,0.857142857 C7.14285714,0.420170308 7.46984444,0.0595697346 7.89248182,0.00667835971 L8,-5.5067062e-14 C8.43697255,-5.5067062e-14 8.79757312,0.3269873 8.8504645,0.749624678 L8.85714286,0.857142857 L8.85685714,9.787 L13.3939085,5.25105133 C13.700749,4.94421082 14.1823486,4.91864077 14.5183156,5.1743412 L14.6060915,5.25105133 C14.912932,5.55789185 14.9385021,6.03949143 14.6828017,6.37545845 L14.6060915,6.46323438 L8.60609153,12.4632344 C8.59911788,12.470208 8.59205396,12.4770364 8.58490354,12.4837195 C8.57154085,12.4961969 8.55759753,12.508409 8.54326621,12.5201656 L8.50375905,12.5507817 L8.50375905,12.5507817 C8.48730436,12.5626896 8.46997404,12.5743751 8.45220971,12.5854288 C8.43933536,12.5935202 8.42652778,12.6010216 8.41357462,12.6081627 L8.35712029,12.6365758 L8.35712029,12.6365758 C8.34303676,12.6430511 8.32891323,12.6490588 8.31466974,12.6546704 C8.25947488,12.676496 8.2012221,12.6927888 8.14083979,12.7027705 C8.1302706,12.7044516 8.11986535,12.7059776 8.10944028,12.7073121 L8,12.7142857 L7.89055972,12.7073121 L7.85276784,12.7016888 C7.82945578,12.6976532 7.80646644,12.6926758 7.78384042,12.6867974 C7.77506332,12.6844536 7.76561855,12.6818373 7.75621211,12.6790563 C7.73153679,12.6717884 7.70804836,12.6636629 7.68504738,12.6545709 C7.66767068,12.647713 7.65019549,12.6401466 7.63293694,12.6319712 C7.61798022,12.624824 7.60378498,12.6175788 7.5898251,12.6099565 C7.57431494,12.6015822 7.55851105,12.5923088 7.54295432,12.5824865 L7.49583076,12.5504036 L7.49583076,12.5504036 L7.45685714,12.52 L7.44371128,12.5092982 L7.44371128,12.5092982 L7.43885714,12.505 L7.45685714,12.52 L7.40485714,12.473 L7.43385714,12.501 L7.4097362,12.4786616 L7.4097362,12.4786616 Z"
                />
              </svg>
            </span>
          </button>
        </div>
        <div
          class="pack-item"
          data-testid="packItemComponent"
        >
          <header
            class="pack-item__header"
          >
            <h3
              class="pack-item__title"
              title="Awards"
            >
              Awards
            </h3>
            <div
              class="pack-item__tags-wrapper"
            >
              <span
                class="label success small"
                data-testid="labelComponent"
              >
                Free
              </span>
              <span
                class="label default small"
                data-testid="labelComponent"
              >
                2
              </span>
            </div>
          </header>
          <ul
            class="pack-item__list"
          >
            <li>
              <div
                class="adaptiveImage"
              >
                <div
                  class="adaptiveImageLoader"
                >
                  <svg
                    data-testid="icon-loader"
                    height="24"
                    version="1.1"
                    viewBox="0 0 24 24"
                    width="24"
                    xmlns="http://www.w3.org/2000/svg"
                    xmlns:xlink="http://www.w3.org/1999/xlink"
                  >
                    <g
                      fill="none"
                      fill-rule="evenodd"
                      stroke="none"
                      stroke-width="1"
                    >
                      <g
                        fill="#DFE5F0"
                        transform="translate(-12.000000, -12.000000)"
                      >
                        <g
                          transform="translate(24.000000, 24.000000) rotate(360.000000) translate(-24.000000, -24.000000) translate(12.000000, 12.000000)"
                        >
                          <path
                            d="M9.28068148,14.9335046 L9.18812903,15.1332387 C8.34851613,17.0413548 8.39903226,19.3093548 9.52258065,21.2516129 C10.2548787,22.5173105 11.1845921,23.3960079 12.1811402,23.9992779 L12,24 C9.87718736,24 7.88311694,23.448789 6.15310874,22.481687 C5.59137724,21.4607284 5.22580645,20.2349738 5.22580645,18.7741935 C5.22580645,16.4516297 6.39561372,14.4014611 8.17797777,13.1809384 C8.36083959,13.7755013 8.67886092,14.3105373 9.09596264,14.7507503 L9.28068148,14.9335046 Z M18.7741935,18.7741935 C20.2349481,18.7741935 21.4612813,18.4088045 22.4825866,17.8475631 C21.454853,19.6837516 19.9591672,21.2229234 18.156604,22.3024323 C16.9916263,22.2779506 15.7474587,21.9813011 14.4822581,21.2520968 C12.4687963,20.0918018 11.2784223,18.0544797 11.1128317,15.9004291 C11.3976552,15.9658272 11.6948369,16 12,16 C12.4112778,16 12.8080583,15.9379293 13.1814846,15.8226448 C14.4014611,17.6041997 16.4516297,18.7741935 18.7741935,18.7741935 Z M9.06848284,9.27957578 L8.98113257,9.37570619 C8.55616581,9.86415284 8.24779071,10.4567243 8.09935394,11.1100738 C5.94682452,11.2762301 3.90820183,12.4672741 2.7483871,14.4774194 C2.017736,15.7442666 1.72130398,16.9903421 1.69700407,18.1568826 C0.686951133,16.4691533 0.0792399695,14.5127291 0.00722159332,12.420267 L0.003,12.167 L0.145305469,11.943179 C0.742882636,11.0336466 1.58175506,10.1903812 2.7483871,9.51774194 C4.75883045,8.35775519 7.12015471,8.34559692 9.06848284,9.27957578 Z M22.3075574,5.85065135 C23.3148491,7.53647076 23.9209672,9.49052592 23.9927973,11.5802793 L23.997,11.836 L23.854932,12.060861 C23.2577031,12.9666264 22.4201746,13.8063674 21.2564516,14.4774194 C19.242189,15.6405809 16.8804974,15.6534911 14.9315387,14.7188987 C15.4028001,14.2136397 15.7433172,13.5849087 15.9013262,12.8869273 C18.0545037,12.7215143 20.0932805,11.5312001 21.2564516,9.51774194 C21.9844337,8.25529197 22.2813633,7.01357201 22.3075574,5.85065135 Z M12,0 C14.1232205,0 16.1176493,0.551422815 17.8478884,1.51887044 C18.4087128,2.53922155 18.7741935,3.76497495 18.7741935,5.22580645 C18.7741935,7.54851939 17.6057998,9.59910483 15.8231088,10.8196409 C15.6131743,10.1400048 15.2280213,9.53859655 14.7203146,9.06741951 C15.6544112,7.11966111 15.6426382,4.75921169 14.4822581,2.7483871 C13.7510281,1.48430505 12.8218587,0.605105262 11.8258083,0.000698636871 L12,0 Z M5.84641636,1.69575951 C7.01154896,1.71928687 8.25658637,2.01605099 9.52258065,2.7483871 C11.5333487,3.90826062 12.7245078,5.94599317 12.8896301,8.10046875 C12.6037318,8.03433244 12.3058753,8 12,8 C11.589092,8 11.1926553,8.06195908 10.8195229,8.17704434 C9.59907466,6.39418303 7.5485023,5.22580645 5.22580645,5.22580645 C3.76440244,5.22580645 2.53861964,5.59141038 1.51760638,6.1524873 C2.54626189,4.31466557 4.04282978,2.77516228 5.84641636,1.69575951 Z"
                          />
                        </g>
                      </g>
                    </g>
                  </svg>
                </div>
                <picture
                  class="adaptiveImagePicture"
                >
                  <img
                    alt="Trophy star"
                    data-isfree="free"
                    data-testid="5d6a8a21ef38414cb068fbe5"
                    height="48"
                    loading="lazy"
                    src="undefined/png/line/60-origin-size/48/55%20Awards/Trophy%20star.png"
                    srcset="undefined/png/line/60-origin-size/96/55%20Awards/Trophy%20star.png 2x"
                    width="48"
                  />
                </picture>
              </div>
            </li>
            <li>
              <div
                class="adaptiveImage"
              >
                <div
                  class="adaptiveImageLoader"
                >
                  <svg
                    data-testid="icon-loader"
                    height="24"
                    version="1.1"
                    viewBox="0 0 24 24"
                    width="24"
                    xmlns="http://www.w3.org/2000/svg"
                    xmlns:xlink="http://www.w3.org/1999/xlink"
                  >
                    <g
                      fill="none"
                      fill-rule="evenodd"
                      stroke="none"
                      stroke-width="1"
                    >
                      <g
                        fill="#DFE5F0"
                        transform="translate(-12.000000, -12.000000)"
                      >
                        <g
                          transform="translate(24.000000, 24.000000) rotate(360.000000) translate(-24.000000, -24.000000) translate(12.000000, 12.000000)"
                        >
                          <path
                            d="M9.28068148,14.9335046 L9.18812903,15.1332387 C8.34851613,17.0413548 8.39903226,19.3093548 9.52258065,21.2516129 C10.2548787,22.5173105 11.1845921,23.3960079 12.1811402,23.9992779 L12,24 C9.87718736,24 7.88311694,23.448789 6.15310874,22.481687 C5.59137724,21.4607284 5.22580645,20.2349738 5.22580645,18.7741935 C5.22580645,16.4516297 6.39561372,14.4014611 8.17797777,13.1809384 C8.36083959,13.7755013 8.67886092,14.3105373 9.09596264,14.7507503 L9.28068148,14.9335046 Z M18.7741935,18.7741935 C20.2349481,18.7741935 21.4612813,18.4088045 22.4825866,17.8475631 C21.454853,19.6837516 19.9591672,21.2229234 18.156604,22.3024323 C16.9916263,22.2779506 15.7474587,21.9813011 14.4822581,21.2520968 C12.4687963,20.0918018 11.2784223,18.0544797 11.1128317,15.9004291 C11.3976552,15.9658272 11.6948369,16 12,16 C12.4112778,16 12.8080583,15.9379293 13.1814846,15.8226448 C14.4014611,17.6041997 16.4516297,18.7741935 18.7741935,18.7741935 Z M9.06848284,9.27957578 L8.98113257,9.37570619 C8.55616581,9.86415284 8.24779071,10.4567243 8.09935394,11.1100738 C5.94682452,11.2762301 3.90820183,12.4672741 2.7483871,14.4774194 C2.017736,15.7442666 1.72130398,16.9903421 1.69700407,18.1568826 C0.686951133,16.4691533 0.0792399695,14.5127291 0.00722159332,12.420267 L0.003,12.167 L0.145305469,11.943179 C0.742882636,11.0336466 1.58175506,10.1903812 2.7483871,9.51774194 C4.75883045,8.35775519 7.12015471,8.34559692 9.06848284,9.27957578 Z M22.3075574,5.85065135 C23.3148491,7.53647076 23.9209672,9.49052592 23.9927973,11.5802793 L23.997,11.836 L23.854932,12.060861 C23.2577031,12.9666264 22.4201746,13.8063674 21.2564516,14.4774194 C19.242189,15.6405809 16.8804974,15.6534911 14.9315387,14.7188987 C15.4028001,14.2136397 15.7433172,13.5849087 15.9013262,12.8869273 C18.0545037,12.7215143 20.0932805,11.5312001 21.2564516,9.51774194 C21.9844337,8.25529197 22.2813633,7.01357201 22.3075574,5.85065135 Z M12,0 C14.1232205,0 16.1176493,0.551422815 17.8478884,1.51887044 C18.4087128,2.53922155 18.7741935,3.76497495 18.7741935,5.22580645 C18.7741935,7.54851939 17.6057998,9.59910483 15.8231088,10.8196409 C15.6131743,10.1400048 15.2280213,9.53859655 14.7203146,9.06741951 C15.6544112,7.11966111 15.6426382,4.75921169 14.4822581,2.7483871 C13.7510281,1.48430505 12.8218587,0.605105262 11.8258083,0.000698636871 L12,0 Z M5.84641636,1.69575951 C7.01154896,1.71928687 8.25658637,2.01605099 9.52258065,2.7483871 C11.5333487,3.90826062 12.7245078,5.94599317 12.8896301,8.10046875 C12.6037318,8.03433244 12.3058753,8 12,8 C11.589092,8 11.1926553,8.06195908 10.8195229,8.17704434 C9.59907466,6.39418303 7.5485023,5.22580645 5.22580645,5.22580645 C3.76440244,5.22580645 2.53861964,5.59141038 1.51760638,6.1524873 C2.54626189,4.31466557 4.04282978,2.77516228 5.84641636,1.69575951 Z"
                          />
                        </g>
                      </g>
                    </g>
                  </svg>
                </div>
                <picture
                  class="adaptiveImagePicture"
                >
                  <img
                    alt="Award star"
                    data-isfree="free"
                    data-testid="5d6a8a2aef38414cb068fc2b"
                    height="48"
                    loading="lazy"
                    src="undefined/png/line/60-origin-size/48/55%20Awards/Award%20star.png"
                    srcset="undefined/png/line/60-origin-size/96/55%20Awards/Award%20star.png 2x"
                    width="48"
                  />
                </picture>
              </div>
            </li>
          </ul>
          <button
            class="button button-full-width button-accent button-center button-children"
            data-testid="buttonComponent"
            type="button"
          >
            <span
              data-testid="buttonComponentText"
            >
              Download for free
            </span>
            <span>
              <svg
                class="pack-item__icon"
                data-testid="icon-download"
                height="16"
                viewBox="0 0 16 16"
                width="16"
                xmlns="http://www.w3.org/2000/svg"
              >
                <path
                  d="M12.5,14 C13.0522847,14 13.5,14.4477153 13.5,15 C13.5,15.5128358 13.1139598,15.9355072 12.6166211,15.9932723 L12.5,16 L3.5,16 C2.94771525,16 2.5,15.5522847 2.5,15 C2.5,14.4871642 2.88604019,14.0644928 3.38337887,14.0067277 L3.5,14 L12.5,14 Z M7.4097362,12.4786616 L1.39390847,6.46323438 C1.05917337,6.12849928 1.05917337,5.58578644 1.39390847,5.25105133 C1.70074899,4.94421082 2.18234857,4.91864077 2.5183156,5.1743412 L2.60609153,5.25105133 L7.14185714,9.786 L7.14285714,0.857142857 C7.14285714,0.420170308 7.46984444,0.0595697346 7.89248182,0.00667835971 L8,-5.5067062e-14 C8.43697255,-5.5067062e-14 8.79757312,0.3269873 8.8504645,0.749624678 L8.85714286,0.857142857 L8.85685714,9.787 L13.3939085,5.25105133 C13.700749,4.94421082 14.1823486,4.91864077 14.5183156,5.1743412 L14.6060915,5.25105133 C14.912932,5.55789185 14.9385021,6.03949143 14.6828017,6.37545845 L14.6060915,6.46323438 L8.60609153,12.4632344 C8.59911788,12.470208 8.59205396,12.4770364 8.58490354,12.4837195 C8.57154085,12.4961969 8.55759753,12.508409 8.54326621,12.5201656 L8.50375905,12.5507817 L8.50375905,12.5507817 C8.48730436,12.5626896 8.46997404,12.5743751 8.45220971,12.5854288 C8.43933536,12.5935202 8.42652778,12.6010216 8.41357462,12.6081627 L8.35712029,12.6365758 L8.35712029,12.6365758 C8.34303676,12.6430511 8.32891323,12.6490588 8.31466974,12.6546704 C8.25947488,12.676496 8.2012221,12.6927888 8.14083979,12.7027705 C8.1302706,12.7044516 8.11986535,12.7059776 8.10944028,12.7073121 L8,12.7142857 L7.89055972,12.7073121 L7.85276784,12.7016888 C7.82945578,12.6976532 7.80646644,12.6926758 7.78384042,12.6867974 C7.77506332,12.6844536 7.76561855,12.6818373 7.75621211,12.6790563 C7.73153679,12.6717884 7.70804836,12.6636629 7.68504738,12.6545709 C7.66767068,12.647713 7.65019549,12.6401466 7.63293694,12.6319712 C7.61798022,12.624824 7.60378498,12.6175788 7.5898251,12.6099565 C7.57431494,12.6015822 7.55851105,12.5923088 7.54295432,12.5824865 L7.49583076,12.5504036 L7.49583076,12.5504036 L7.45685714,12.52 L7.44371128,12.5092982 L7.44371128,12.5092982 L7.43885714,12.505 L7.45685714,12.52 L7.40485714,12.473 L7.43385714,12.501 L7.4097362,12.4786616 L7.4097362,12.4786616 Z"
                />
              </svg>
            </span>
          </button>
        </div>
      </div>
    </div>
  </section>
</DocumentFragment>
`;
